{
  "modules/egg.js": "bb3bc9",
  "modules/postList.js": "87b289",
  "test.js": "8ef81f"
}