{
  "distCustom/modules/egg.js": "bb3bc91cc0",
  "distCustom/modules/postList.js": "ec7d952205",
  "distCustom/test.js": "06e98c0926"
}